// Vitest Snapshot v1, https://vitest.dev/guide/snapshot.html

exports[`calculateOsakkeet > matches snapshot for high gain across 30k threshold with hmo40 and actual-cost mix 1`] = `
{
  "cashDistributions": [
    {
      "allocations": [
        {
          "capitalRepayment": "0.00",
          "dividend": "18000.00",
          "eligibleCapitalRepayment": false,
          "gross": "18000.00",
          "remainingCostPerShareAfter": "0.05",
          "shares": "100000.00",
          "subscriptionDate": "01.01.2010",
          "subscriptionId": "s1",
        },
        {
          "capitalRepayment": "9000.00",
          "dividend": "0.00",
          "eligibleCapitalRepayment": true,
          "gross": "9000.00",
          "remainingCostPerShareAfter": "0.62",
          "shares": "50000.00",
          "subscriptionDate": "01.06.2017",
          "subscriptionId": "s2",
        },
        {
          "capitalRepayment": "7200.00",
          "dividend": "0.00",
          "eligibleCapitalRepayment": true,
          "gross": "7200.00",
          "remainingCostPerShareAfter": "0.72",
          "shares": "40000.00",
          "subscriptionDate": "01.02.2021",
          "subscriptionId": "s3",
        },
      ],
      "amountPerShare": "0.18",
      "capitalRepaymentTotal": "16200.00",
      "date": "30.06.2024",
      "dividendTotal": "18000.00",
      "eightPercentYieldLimit": "33440.00",
      "expectedTotal": "34200.00",
      "grossTotal": "34200.00",
      "id": "d1",
      "mathematicalShareValuePerShare": "2.20",
      "paidInCash": "32850.00",
      "shareholderMathematicalValue": "418000.00",
      "sharesHeld": "190000.00",
      "taxFreeCapitalIncomePortion": "13500.00",
      "taxFreeEarnedDividend": "0.00",
      "taxableCapitalIncome": "4500.00",
      "taxableEarnedDividend": "0.00",
      "treatedAsListedDividend": false,
      "type": "capital_return",
      "withholdingToTaxOffice": "1350.00",
    },
  ],
  "errors": [],
  "ipo": {
    "currentShareValue": "95.00",
    "currentTotalValue": "47500000.00",
    "currentValuePerShare": "95.00",
    "estimatedPreIpoValue": "24000000.00",
    "estimatedSecondaryShareCount": "190000.00",
    "estimatedSecondaryShareSellPercentage": "38.00",
    "increaseMultiplier": "0.51",
    "increasePercentage": "-49.47",
    "ipoCostPerShare": "1.16",
    "ipoDate": "2026-09-20T00:00:00.000Z",
    "ipoPricePerShare": "48.00",
    "totalIpoCost": "220000.00",
    "totalShareCount": "500000.00",
    "totalSubscribedCost": "81000.00",
    "totalSubscribedShares": "190000.00",
  },
  "sell": {
    "amount": "175000.00",
    "annualEstimatedTax": "1957200.00",
    "annualNetCapitalGain": "5760000.00",
    "annualTaxChange": "0.00",
    "annualTaxableGainAtHighRate": "5730000.00",
    "annualTaxableGainAtLowRate": "30000.00",
    "cashAfterIpoCosts": "8197368.42",
    "estimatedTax": "1957200.00",
    "grossTotal": "8400000.00",
    "ipoCostDeductedViaActual": "0.00",
    "ipoCostPaidWithoutActualDeduction": "202631.58",
    "netAfterAnnualTaxAndIpoCost": "6240168.42",
    "netAfterTaxAndIpoCost": "6240168.42",
    "otherAnnualCapitalGainsOrLosses": "0.00",
    "remainingUnsoldShares": "15000.00",
    "selectedActualDeductionTotal": "0.00",
    "selectedDeductionTotal": "2640000.00",
    "selectedHmo20DeductionTotal": "720000.00",
    "selectedHmo40DeductionTotal": "1920000.00",
    "soldShareAcquisitionCostTotal": "54000.00",
    "soldShareOriginalCostTotal": "67500.00",
    "taxFreeAcquisitionRecoveryAfterIpoCosts": "2437368.42",
    "taxReductionFromOtherLosses": "0.00",
    "taxSavedFromDeductibleIpoCosts": "0.00",
    "taxableGainAtHighRate": "5730000.00",
    "taxableGainAtLowRate": "30000.00",
    "taxableGainTotal": "5760000.00",
    "totalIpoCostAllocated": "202631.58",
    "usedSubscriptions": [
      {
        "actualDeduction": "120789.47",
        "allocatedIpoCost": "115789.47",
        "gross": "4800000.00",
        "hankintamenoOlettaDeduction": "1920000.00",
        "hankintamenoOlettaRate": "0.40",
        "originalCostBasis": "5000.00",
        "realCostBasis": "5000.00",
        "selectedDeduction": "1920000.00",
        "selectedMethod": "hmo",
        "soldAmount": "100000.00",
        "subscriptionDate": "01.01.2010",
        "subscriptionId": "s1",
        "taxFreeGainPart": "0.00",
        "taxableGain": "2880000.00",
        "taxedGainPart": "2880000.00",
        "totalSubscriptionShares": "100000.00",
      },
      {
        "actualDeduction": "88894.74",
        "allocatedIpoCost": "57894.74",
        "gross": "2400000.00",
        "hankintamenoOlettaDeduction": "480000.00",
        "hankintamenoOlettaRate": "0.20",
        "originalCostBasis": "40000.00",
        "realCostBasis": "31000.00",
        "selectedDeduction": "480000.00",
        "selectedMethod": "hmo",
        "soldAmount": "50000.00",
        "subscriptionDate": "01.06.2017",
        "subscriptionId": "s2",
        "taxFreeGainPart": "0.00",
        "taxableGain": "1920000.00",
        "taxedGainPart": "1920000.00",
        "totalSubscriptionShares": "50000.00",
      },
      {
        "actualDeduction": "46947.37",
        "allocatedIpoCost": "28947.37",
        "gross": "1200000.00",
        "hankintamenoOlettaDeduction": "240000.00",
        "hankintamenoOlettaRate": "0.20",
        "originalCostBasis": "22500.00",
        "realCostBasis": "18000.00",
        "selectedDeduction": "240000.00",
        "selectedMethod": "hmo",
        "soldAmount": "25000.00",
        "subscriptionDate": "01.02.2021",
        "subscriptionId": "s3",
        "taxFreeGainPart": "0.00",
        "taxableGain": "960000.00",
        "taxedGainPart": "960000.00",
        "totalSubscriptionShares": "40000.00",
      },
    ],
  },
  "subscriptions": [
    {
      "amount": "100000.00",
      "capitalRepaymentPerShare": "0.00",
      "capitalRepaymentTotal": "0.00",
      "cashDistributionGrossTotal": "18000.00",
      "date": "01.01.2010",
      "id": "s1",
      "remainingCostPerShare": "0.05",
      "remainingCostTotal": "5000.00",
      "totalPrice": "5000.00",
      "totalPricePerShare": "0.05",
    },
    {
      "amount": "50000.00",
      "capitalRepaymentPerShare": "0.18",
      "capitalRepaymentTotal": "9000.00",
      "cashDistributionGrossTotal": "9000.00",
      "date": "01.06.2017",
      "id": "s2",
      "remainingCostPerShare": "0.62",
      "remainingCostTotal": "31000.00",
      "totalPrice": "40000.00",
      "totalPricePerShare": "0.80",
    },
    {
      "amount": "40000.00",
      "capitalRepaymentPerShare": "0.18",
      "capitalRepaymentTotal": "7200.00",
      "cashDistributionGrossTotal": "7200.00",
      "date": "01.02.2021",
      "id": "s3",
      "remainingCostPerShare": "0.72",
      "remainingCostTotal": "28800.00",
      "totalPrice": "36000.00",
      "totalPricePerShare": "0.90",
    },
  ],
  "vesting": {
    "totalShares": "190000.00",
    "unvestedShares": "0.00",
    "vestedShares": "190000.00",
  },
  "warnings": [],
}
`;

exports[`calculateOsakkeet > matches snapshot for mixed reimbursements dividends vesting and fifo sale 1`] = `
{
  "cashDistributions": [
    {
      "allocations": [
        {
          "capitalRepayment": "0.00",
          "dividend": "12000.00",
          "eligibleCapitalRepayment": false,
          "gross": "12000.00",
          "remainingCostPerShareAfter": "0.08",
          "shares": "120000.00",
          "subscriptionDate": "15.05.2012",
          "subscriptionId": "s1",
        },
        {
          "capitalRepayment": "3000.00",
          "dividend": "0.00",
          "eligibleCapitalRepayment": true,
          "gross": "3000.00",
          "remainingCostPerShareAfter": "0.50",
          "shares": "30000.00",
          "subscriptionDate": "01.09.2018",
          "subscriptionId": "s2",
        },
      ],
      "amountPerShare": "0.10",
      "capitalRepaymentTotal": "3000.00",
      "date": "30.06.2023",
      "dividendTotal": "12000.00",
      "eightPercentYieldLimit": "13200.00",
      "expectedTotal": "15000.00",
      "grossTotal": "15000.00",
      "id": "d1",
      "mathematicalShareValuePerShare": "1.10",
      "paidInCash": "14100.00",
      "shareholderMathematicalValue": "165000.00",
      "sharesHeld": "150000.00",
      "taxFreeCapitalIncomePortion": "9000.00",
      "taxFreeEarnedDividend": "0.00",
      "taxableCapitalIncome": "3000.00",
      "taxableEarnedDividend": "0.00",
      "treatedAsListedDividend": false,
      "type": "capital_return",
      "withholdingToTaxOffice": "900.00",
    },
    {
      "allocations": [
        {
          "capitalRepayment": "0.00",
          "dividend": "18000.00",
          "eligibleCapitalRepayment": false,
          "gross": "18000.00",
          "remainingCostPerShareAfter": "0.08",
          "shares": "120000.00",
          "subscriptionDate": "15.05.2012",
          "subscriptionId": "s1",
        },
        {
          "capitalRepayment": "4500.00",
          "dividend": "0.00",
          "eligibleCapitalRepayment": true,
          "gross": "4500.00",
          "remainingCostPerShareAfter": "0.35",
          "shares": "30000.00",
          "subscriptionDate": "01.09.2018",
          "subscriptionId": "s2",
        },
        {
          "capitalRepayment": "1500.00",
          "dividend": "0.00",
          "eligibleCapitalRepayment": true,
          "gross": "1500.00",
          "remainingCostPerShareAfter": "1.05",
          "shares": "10000.00",
          "subscriptionDate": "01.03.2024",
          "subscriptionId": "s3",
        },
      ],
      "amountPerShare": "0.15",
      "capitalRepaymentTotal": "6000.00",
      "date": "30.06.2024",
      "dividendTotal": "18000.00",
      "eightPercentYieldLimit": "17280.00",
      "expectedTotal": "24000.00",
      "grossTotal": "24000.00",
      "id": "d2",
      "mathematicalShareValuePerShare": "1.35",
      "paidInCash": "22650.00",
      "shareholderMathematicalValue": "216000.00",
      "sharesHeld": "160000.00",
      "taxFreeCapitalIncomePortion": "12960.00",
      "taxFreeEarnedDividend": "180.00",
      "taxableCapitalIncome": "4320.00",
      "taxableEarnedDividend": "540.00",
      "treatedAsListedDividend": false,
      "type": "capital_return",
      "withholdingToTaxOffice": "1350.00",
    },
    {
      "allocations": [
        {
          "capitalRepayment": "0.00",
          "dividend": "24000.00",
          "eligibleCapitalRepayment": false,
          "gross": "24000.00",
          "remainingCostPerShareAfter": "0.08",
          "shares": "120000.00",
          "subscriptionDate": "15.05.2012",
          "subscriptionId": "s1",
        },
        {
          "capitalRepayment": "0.00",
          "dividend": "6000.00",
          "eligibleCapitalRepayment": false,
          "gross": "6000.00",
          "remainingCostPerShareAfter": "0.35",
          "shares": "30000.00",
          "subscriptionDate": "01.09.2018",
          "subscriptionId": "s2",
        },
        {
          "capitalRepayment": "0.00",
          "dividend": "2000.00",
          "eligibleCapitalRepayment": false,
          "gross": "2000.00",
          "remainingCostPerShareAfter": "1.05",
          "shares": "10000.00",
          "subscriptionDate": "01.03.2024",
          "subscriptionId": "s3",
        },
      ],
      "amountPerShare": "0.20",
      "capitalRepaymentTotal": "0.00",
      "date": "30.06.2025",
      "dividendTotal": "32000.00",
      "eightPercentYieldLimit": "20480.00",
      "expectedTotal": "32000.00",
      "grossTotal": "32000.00",
      "id": "d3",
      "mathematicalShareValuePerShare": "1.60",
      "paidInCash": "29600.00",
      "shareholderMathematicalValue": "256000.00",
      "sharesHeld": "160000.00",
      "taxFreeCapitalIncomePortion": "15360.00",
      "taxFreeEarnedDividend": "2880.00",
      "taxableCapitalIncome": "5120.00",
      "taxableEarnedDividend": "8640.00",
      "treatedAsListedDividend": false,
      "type": "dividend",
      "withholdingToTaxOffice": "2400.00",
    },
    {
      "allocations": [
        {
          "capitalRepayment": "0.00",
          "dividend": "30000.00",
          "eligibleCapitalRepayment": false,
          "gross": "30000.00",
          "remainingCostPerShareAfter": "0.08",
          "shares": "120000.00",
          "subscriptionDate": "15.05.2012",
          "subscriptionId": "s1",
        },
        {
          "capitalRepayment": "0.00",
          "dividend": "7500.00",
          "eligibleCapitalRepayment": false,
          "gross": "7500.00",
          "remainingCostPerShareAfter": "0.35",
          "shares": "30000.00",
          "subscriptionDate": "01.09.2018",
          "subscriptionId": "s2",
        },
        {
          "capitalRepayment": "0.00",
          "dividend": "2500.00",
          "eligibleCapitalRepayment": false,
          "gross": "2500.00",
          "remainingCostPerShareAfter": "1.05",
          "shares": "10000.00",
          "subscriptionDate": "01.03.2024",
          "subscriptionId": "s3",
        },
      ],
      "amountPerShare": "0.25",
      "capitalRepaymentTotal": "0.00",
      "date": "15.09.2026",
      "dividendTotal": "40000.00",
      "eightPercentYieldLimit": "24320.00",
      "expectedTotal": "40000.00",
      "grossTotal": "40000.00",
      "id": "d4",
      "mathematicalShareValuePerShare": "1.90",
      "paidInCash": "29800.00",
      "shareholderMathematicalValue": "304000.00",
      "sharesHeld": "160000.00",
      "taxFreeCapitalIncomePortion": "6000.00",
      "taxFreeEarnedDividend": "0.00",
      "taxableCapitalIncome": "34000.00",
      "taxableEarnedDividend": "0.00",
      "treatedAsListedDividend": true,
      "type": "dividend",
      "withholdingToTaxOffice": "10200.00",
    },
  ],
  "errors": [],
  "ipo": {
    "currentShareValue": "42.00",
    "currentTotalValue": "147000000.00",
    "currentValuePerShare": "42.00",
    "estimatedPreIpoValue": "105000000.00",
    "estimatedSecondaryShareCount": "245000.00",
    "estimatedSecondaryShareSellPercentage": "7.00",
    "increaseMultiplier": "0.71",
    "increasePercentage": "-28.57",
    "ipoCostPerShare": "6.12",
    "ipoDate": "2026-08-15T00:00:00.000Z",
    "ipoPricePerShare": "30.00",
    "totalIpoCost": "1500000.00",
    "totalShareCount": "3500000.00",
    "totalSubscribedCost": "39600.00",
    "totalSubscribedShares": "160000.00",
  },
  "sell": {
    "amount": "135000.00",
    "annualEstimatedTax": "853190.51",
    "annualNetCapitalGain": "2512913.27",
    "annualTaxChange": "0.00",
    "annualTaxableGainAtHighRate": "2482913.27",
    "annualTaxableGainAtLowRate": "30000.00",
    "cashAfterIpoCosts": "3223469.39",
    "estimatedTax": "853190.51",
    "grossTotal": "4050000.00",
    "ipoCostDeductedViaActual": "91836.73",
    "ipoCostPaidWithoutActualDeduction": "734693.88",
    "netAfterAnnualTaxAndIpoCost": "2370278.88",
    "netAfterTaxAndIpoCost": "2370278.88",
    "otherAnnualCapitalGainsOrLosses": "0.00",
    "remainingUnsoldShares": "25000.00",
    "selectedActualDeductionTotal": "97086.73",
    "selectedDeductionTotal": "1537086.73",
    "selectedHmo20DeductionTotal": "0.00",
    "selectedHmo40DeductionTotal": "1440000.00",
    "soldShareAcquisitionCostTotal": "14850.00",
    "soldShareOriginalCostTotal": "18600.00",
    "taxFreeAcquisitionRecoveryAfterIpoCosts": "710556.12",
    "taxReductionFromOtherLosses": "0.00",
    "taxSavedFromDeductibleIpoCosts": "31224.49",
    "taxableGainAtHighRate": "2482913.27",
    "taxableGainAtLowRate": "30000.00",
    "taxableGainTotal": "2512913.27",
    "totalIpoCostAllocated": "826530.61",
    "usedSubscriptions": [
      {
        "actualDeduction": "744293.88",
        "allocatedIpoCost": "734693.88",
        "gross": "3600000.00",
        "hankintamenoOlettaDeduction": "1440000.00",
        "hankintamenoOlettaRate": "0.40",
        "originalCostBasis": "9600.00",
        "realCostBasis": "9600.00",
        "selectedDeduction": "1440000.00",
        "selectedMethod": "hmo",
        "soldAmount": "120000.00",
        "subscriptionDate": "15.05.2012",
        "subscriptionId": "s1",
        "taxFreeGainPart": "0.00",
        "taxableGain": "2160000.00",
        "taxedGainPart": "2160000.00",
        "totalSubscriptionShares": "120000.00",
      },
      {
        "actualDeduction": "97086.73",
        "allocatedIpoCost": "91836.73",
        "gross": "450000.00",
        "hankintamenoOlettaDeduction": "90000.00",
        "hankintamenoOlettaRate": "0.20",
        "originalCostBasis": "9000.00",
        "realCostBasis": "5250.00",
        "selectedDeduction": "97086.73",
        "selectedMethod": "actual_costs",
        "soldAmount": "15000.00",
        "subscriptionDate": "01.09.2018",
        "subscriptionId": "s2",
        "taxFreeGainPart": "0.00",
        "taxableGain": "352913.27",
        "taxedGainPart": "352913.27",
        "totalSubscriptionShares": "30000.00",
      },
    ],
  },
  "subscriptions": [
    {
      "amount": "120000.00",
      "capitalRepaymentPerShare": "0.00",
      "capitalRepaymentTotal": "0.00",
      "cashDistributionGrossTotal": "84000.00",
      "date": "15.05.2012",
      "id": "s1",
      "remainingCostPerShare": "0.08",
      "remainingCostTotal": "9600.00",
      "totalPrice": "9600.00",
      "totalPricePerShare": "0.08",
    },
    {
      "amount": "30000.00",
      "capitalRepaymentPerShare": "0.25",
      "capitalRepaymentTotal": "7500.00",
      "cashDistributionGrossTotal": "21000.00",
      "date": "01.09.2018",
      "id": "s2",
      "remainingCostPerShare": "0.35",
      "remainingCostTotal": "10500.00",
      "totalPrice": "18000.00",
      "totalPricePerShare": "0.60",
    },
    {
      "amount": "10000.00",
      "capitalRepaymentPerShare": "0.15",
      "capitalRepaymentTotal": "1500.00",
      "cashDistributionGrossTotal": "6000.00",
      "date": "01.03.2024",
      "id": "s3",
      "remainingCostPerShare": "1.05",
      "remainingCostTotal": "10500.00",
      "totalPrice": "12000.00",
      "totalPricePerShare": "1.20",
    },
  ],
  "vesting": {
    "totalShares": "160000.00",
    "unvestedShares": "10000.00",
    "vestedShares": "150000.00",
  },
  "warnings": [],
}
`;

exports[`calculateOsakkeet > matches snapshot for validation warnings and missing yearly math values 1`] = `
{
  "cashDistributions": [
    {
      "allocations": [
        {
          "capitalRepayment": "0.00",
          "dividend": "150.00",
          "eligibleCapitalRepayment": false,
          "gross": "150.00",
          "remainingCostPerShareAfter": "10.00",
          "shares": "100.00",
          "subscriptionDate": "01.01.2022",
          "subscriptionId": "s1",
        },
        {
          "capitalRepayment": "0.00",
          "dividend": "0.00",
          "eligibleCapitalRepayment": false,
          "gross": "0.00",
          "remainingCostPerShareAfter": "0.00",
          "shares": "0.00",
          "subscriptionDate": "not-a-date",
          "subscriptionId": "s2",
        },
      ],
      "amountPerShare": "1.50",
      "capitalRepaymentTotal": "0.00",
      "date": "30.06.2025",
      "dividendTotal": "150.00",
      "eightPercentYieldLimit": "0.00",
      "expectedTotal": "150.00",
      "grossTotal": "150.00",
      "id": "d1",
      "mathematicalShareValuePerShare": "0.00",
      "paidInCash": "138.75",
      "shareholderMathematicalValue": "0.00",
      "sharesHeld": "100.00",
      "taxFreeCapitalIncomePortion": "0.00",
      "taxFreeEarnedDividend": "0.00",
      "taxableCapitalIncome": "0.00",
      "taxableEarnedDividend": "0.00",
      "treatedAsListedDividend": false,
      "type": "dividend",
      "withholdingToTaxOffice": "11.25",
    },
    {
      "allocations": [
        {
          "capitalRepayment": "0.00",
          "dividend": "0.00",
          "eligibleCapitalRepayment": false,
          "gross": "-100.00",
          "remainingCostPerShareAfter": "10.00",
          "shares": "100.00",
          "subscriptionDate": "01.01.2022",
          "subscriptionId": "s1",
        },
        {
          "capitalRepayment": "0.00",
          "dividend": "0.00",
          "eligibleCapitalRepayment": false,
          "gross": "0.00",
          "remainingCostPerShareAfter": "0.00",
          "shares": "0.00",
          "subscriptionDate": "not-a-date",
          "subscriptionId": "s2",
        },
      ],
      "amountPerShare": "-1.00",
      "capitalRepaymentTotal": "0.00",
      "date": "bad-date",
      "dividendTotal": "0.00",
      "eightPercentYieldLimit": "0.00",
      "expectedTotal": "-100.00",
      "grossTotal": "-100.00",
      "id": "d2",
      "mathematicalShareValuePerShare": "0.00",
      "paidInCash": "-100.00",
      "shareholderMathematicalValue": "0.00",
      "sharesHeld": "100.00",
      "taxFreeCapitalIncomePortion": "0.00",
      "taxFreeEarnedDividend": "0.00",
      "taxableCapitalIncome": "0.00",
      "taxableEarnedDividend": "0.00",
      "treatedAsListedDividend": false,
      "type": "capital_return",
      "withholdingToTaxOffice": "0.00",
    },
  ],
  "errors": [
    "Merkintä not-a-date määrä ei voi olla negatiivinen.",
    "Merkintä not-a-date hinta/osake ei ole kelvollinen numero.",
    "Merkintä s2 päivä ei ole kelvollinen pvm.",
    "Varojenjako d2 päivä ei ole kelvollinen pvm.",
    "Varojenjako d2 €/osake ei voi olla negatiivinen.",
    "Subscription s2 date is not valid.",
    "Subscription s2 amount must be greater than zero.",
    "Cash distribution d2 date is not valid.",
    "Myytävien osakkeiden määrä ylittää IPO-päivänä myytävissä olevien osakkeiden määrän (0).",
  ],
  "ipo": {
    "currentShareValue": "10.00",
    "currentTotalValue": "800.00",
    "currentValuePerShare": "10.00",
    "estimatedPreIpoValue": "2000.00",
    "estimatedSecondaryShareCount": "0.00",
    "estimatedSecondaryShareSellPercentage": "0.00",
    "increaseMultiplier": "2.50",
    "increasePercentage": "150.00",
    "ipoCostPerShare": "1.25",
    "ipoDate": null,
    "ipoPricePerShare": "25.00",
    "totalIpoCost": "100.00",
    "totalShareCount": "80.00",
    "totalSubscribedCost": "1000.00",
    "totalSubscribedShares": "100.00",
  },
  "sell": {
    "amount": "120.00",
    "annualEstimatedTax": "0.00",
    "annualNetCapitalGain": "0.00",
    "annualTaxChange": "0.00",
    "annualTaxableGainAtHighRate": "0.00",
    "annualTaxableGainAtLowRate": "0.00",
    "cashAfterIpoCosts": "0.00",
    "estimatedTax": "0.00",
    "grossTotal": "0.00",
    "ipoCostDeductedViaActual": "0.00",
    "ipoCostPaidWithoutActualDeduction": "0.00",
    "netAfterAnnualTaxAndIpoCost": "0.00",
    "netAfterTaxAndIpoCost": "0.00",
    "otherAnnualCapitalGainsOrLosses": "0.00",
    "remainingUnsoldShares": "100.00",
    "selectedActualDeductionTotal": "0.00",
    "selectedDeductionTotal": "0.00",
    "selectedHmo20DeductionTotal": "0.00",
    "selectedHmo40DeductionTotal": "0.00",
    "soldShareAcquisitionCostTotal": "0.00",
    "soldShareOriginalCostTotal": "0.00",
    "taxFreeAcquisitionRecoveryAfterIpoCosts": "0.00",
    "taxReductionFromOtherLosses": "0.00",
    "taxSavedFromDeductibleIpoCosts": "0.00",
    "taxableGainAtHighRate": "0.00",
    "taxableGainAtLowRate": "0.00",
    "taxableGainTotal": "0.00",
    "totalIpoCostAllocated": "0.00",
    "usedSubscriptions": [],
  },
  "subscriptions": [
    {
      "amount": "100.00",
      "capitalRepaymentPerShare": "0.00",
      "capitalRepaymentTotal": "0.00",
      "cashDistributionGrossTotal": "50.00",
      "date": "01.01.2022",
      "id": "s1",
      "remainingCostPerShare": "10.00",
      "remainingCostTotal": "1000.00",
      "totalPrice": "1000.00",
      "totalPricePerShare": "10.00",
    },
    {
      "amount": "0.00",
      "capitalRepaymentPerShare": "0.00",
      "capitalRepaymentTotal": "0.00",
      "cashDistributionGrossTotal": "0.00",
      "date": "not-a-date",
      "id": "s2",
      "remainingCostPerShare": "0.00",
      "remainingCostTotal": "0.00",
      "totalPrice": "0.00",
      "totalPricePerShare": "0.00",
    },
  ],
  "vesting": {
    "totalShares": "100.00",
    "unvestedShares": "100.00",
    "vestedShares": "0.00",
  },
  "warnings": [
    "Osakkeiden kokonaismäärä on pienempi kuin syötettyjen merkintöjen yhteismäärä.",
    "Secondary-myyntiprosentti on 0, joten IPO-kulu/osake on jaettu koko osakemäärälle.",
    "IPO-päivä puuttuu, joten ansaintajakson rajoittamia merkintäeriä ei voitu ottaa mukaan myyntiin.",
  ],
}
`;
